|Configuration setup for device|
|read configuration|
|Connecting to device... 192.168.1.3|
|starting thread (client mode): 0x50819350|
|Local version/idstring: SSH-2.0-paramiko_4.0.0|
|Remote version/idstring: SSH-2.0-OpenSSH_8.9p1 Ubuntu-3ubuntu0.14|
|Connected (version 2.0, client OpenSSH_8.9p1)|
|=== Key exchange possibilities ===|
|kex algos: curve25519-sha256, curve25519-sha256@libssh.org, ecdh-sha2-nistp256, ecdh-sha2-nistp384, ecdh-sha2-nistp521, sntrup761x25519-sha512@openssh.com, diffie-hellman-group-exchange-sha256, diffie-hellman-group16-sha512, diffie-hellman-group18-sha512, diffie-hellman-group14-sha256, kex-strict-s-v00@openssh.com|
|server key: rsa-sha2-512, rsa-sha2-256, ecdsa-sha2-nistp256, ssh-ed25519|
|client encrypt: chacha20-poly1305@openssh.com, aes128-ctr, aes192-ctr, aes256-ctr, aes128-gcm@openssh.com, aes256-gcm@openssh.com|
|server encrypt: chacha20-poly1305@openssh.com, aes128-ctr, aes192-ctr, aes256-ctr, aes128-gcm@openssh.com, aes256-gcm@openssh.com|
|client mac: umac-64-etm@openssh.com, umac-128-etm@openssh.com, hmac-sha2-256-etm@openssh.com, hmac-sha2-512-etm@openssh.com, hmac-sha1-etm@openssh.com, umac-64@openssh.com, umac-128@openssh.com, hmac-sha2-256, hmac-sha2-512, hmac-sha1|
|server mac: umac-64-etm@openssh.com, umac-128-etm@openssh.com, hmac-sha2-256-etm@openssh.com, hmac-sha2-512-etm@openssh.com, hmac-sha1-etm@openssh.com, umac-64@openssh.com, umac-128@openssh.com, hmac-sha2-256, hmac-sha2-512, hmac-sha1|
|client compress: none, zlib@openssh.com|
|server compress: none, zlib@openssh.com|
|client lang: <none>|
|server lang: <none>|
|kex follows: False|
|=== Key exchange agreements ===|
|Strict kex mode: True|
|Kex: curve25519-sha256@libssh.org|
|HostKey: ssh-ed25519|
|Cipher: aes128-ctr|
|MAC: hmac-sha2-256|
|Compression: none|
|=== End of kex handshake ===|
|Resetting outbound seqno after NEWKEYS due to strict mode|
|kex engine KexCurve25519 specified hash_algo <built-in function openssl_sha256>|
|Switch to new keys ...|
|Resetting inbound seqno after NEWKEYS due to strict mode|
|Adding ssh-ed25519 host key for 192.168.1.3: b'3afcebd2b02ac672445aa9ab980f518f'|
|Got EXT_INFO: {'server-sig-algs': b'ssh-ed25519,sk-ssh-ed25519@openssh.com,ssh-rsa,rsa-sha2-256,rsa-sha2-512,ssh-dss,ecdsa-sha2-nistp256,ecdsa-sha2-nistp384,ecdsa-sha2-nistp521,sk-ecdsa-sha2-nistp256@openssh.com,webauthn-sk-ecdsa-sha2-nistp256@openssh.com', 'publickey-hostbound@openssh.com': b'0'}|
|Trying discovered key b'7616b2cddf8d5ace6149c6d2140e7b49' in C:\Users\katan/.ssh/id_ed25519|
|userauth is OK|
